.next/dev/types/validator.ts(42,39): error TS2306: File 'G:/bunnies-club/src/app/forum/page.tsx' is not a module.
.next/dev/types/validator.ts(51,39): error TS2306: File 'G:/bunnies-club/src/app/music/page.tsx' is not a module.
.next/dev/types/validator.ts(87,39): error TS2306: File 'G:/bunnies-club/src/app/quiz/page.tsx' is not a module.
.next/dev/types/validator.ts(96,39): error TS2306: File 'G:/bunnies-club/src/app/shop/page.tsx' is not a module.
